--------------------------------------------------
### CLI Output
--------------------------------------------------
  Configuration files of type .confixrc located at <</tmp>>/home/.confixrc
  Configuration files of type .confix.component located at <</tmp>>/content/confix/components/test/.confix.component
  Merged .confix.component from .confix.solution
✓ Running in scope Component
✓ Configuration loaded
  Component input 'graphql' loaded
✓ Component inputs loaded
  Building component...
  Searching in '<</tmp>>/content/confix/components/test/schema.graphql' for GraphQL Schema
   -> <</tmp>>/content/confix/components/test/schema.graphql
  GraphQL Schema was not found. Skipping GraphQL provider
  Building component completed

