  Registering subschemas.
  Beginning evaluation.
  Processing $schema...
  $schema complete: valid
  Processing $defs...
  $defs complete: valid
  Processing type...
  type complete: valid
  Processing properties...
  Evaluating property 'deep'.
  Processing deprecated...
  deprecated complete: valid
  Processing anyOf...
  Processing anyOf[0]...
  Processing $ref...
  Processing type...
  type complete: valid
  Processing properties...
  Evaluating property 'deeper'.
  Processing deprecated...
  deprecated complete: valid
  Processing anyOf...
  Processing anyOf[0]...
  Processing $ref...
  Processing type...
  type complete: valid
  Processing properties...
  Evaluating property 'fail'.
  Processing deprecated...
  deprecated complete: valid
  Processing anyOf...
  Processing anyOf[0]...
  Processing $ref...
  Processing type...
  type complete: invalid
  Processing description...
  description complete: valid
  $ref complete: invalid
  anyOf[0] invalid.
  Processing anyOf[1]...
  Processing type...
  type complete: invalid
  anyOf[1] invalid.
  anyOf complete: invalid
  Property 'fail' invalid.
  Evaluating property 'requiredButMissing'.
  Property 'requiredButMissing' does not exist. Skipping.
  Evaluating property 'nonRequired'.
  Property 'nonRequired' does not exist. Skipping.
  properties complete: invalid
  Processing required...
  Checking for property 'requiredButMissing'
  Missing properties: ['requiredButMissing']
  required complete: invalid
  Processing additionalProperties...
  Annotation from properties: ["fail"]
  No annotation from patternProperties.
  additionalProperties complete: invalid
  $ref complete: invalid
  anyOf[0] invalid.
  Processing anyOf[1]...
  Processing type...
  type complete: invalid
  anyOf[1] invalid.
  anyOf complete: invalid
  Property 'deeper' invalid.
  properties complete: invalid
  Processing required...
  required complete: invalid
  Processing additionalProperties...
  Annotation from properties: ["deeper"]
  No annotation from patternProperties.
  additionalProperties complete: invalid
  $ref complete: invalid
  anyOf[0] invalid.
  Processing anyOf[1]...
  Processing type...
  type complete: invalid
  anyOf[1] invalid.
  anyOf complete: invalid
  Property 'deep' invalid.
  properties complete: invalid
  Processing required...
  required complete: invalid
  Processing additionalProperties...
  Annotation from properties: ["deep"]
  No annotation from patternProperties.
  additionalProperties complete: invalid
  Transforming output.
  Evaluation complete: invalid
✕ The configuration file 'configuration.json' is invalid.

└── deep
    └── deeper
        ├── ✕ Required properties ["requiredButMissing"] were not present
        └── fail
            └── ✕ Value is "integer" but should be "string"
