{
  "Component": {
    "Name": "TestComponent",
    "Inputs": [
      {
        "Type": "graphql",
        "Value": {
          "type": "graphql",
          "additional": "property"
        }
      },
      {
        "Type": "dotnet",
        "Value": {
          "type": "dotnet",
          "additional2": "property"
        }
      }
    ],
    "Outputs": [
      {
        "Type": "schema",
        "Value": {
          "type": "schema",
          "additional2": "property"
        }
      }
    ]
  },
  "Project": {
    "Name": "project",
    "Environments": [
      {
        "Name": "dev",
        "Enabled": false
      },
      {
        "Name": "uat",
        "Enabled": false
      },
      {
        "Name": "prod",
        "Enabled": false
      }
    ],
    "Components": [],
    "Repositories": [],
    "VariableProviders": [],
    "ComponentProviders": [],
    "ConfigurationFiles": [],
    "Subprojects": []
  },
  "Solution": {
    "Component": null,
    "Project": {
      "Name": "__Default",
      "Environments": [
        {
          "Name": "dev",
          "Enabled": false
        },
        {
          "Name": "prod",
          "Enabled": false
        },
        {
          "Name": "uat",
          "Enabled": false
        }
      ],
      "Components": [],
      "Repositories": [],
      "VariableProviders": [],
      "ComponentProviders": [],
      "ConfigurationFiles": [],
      "Subprojects": []
    }
  }
}
