--------------------------------------------------
### CLI Output
--------------------------------------------------
  Registering subschemas.
  Beginning evaluation.
  Processing $schema...
  $schema complete: valid
  Processing $defs...
  $defs complete: valid
  Processing type...
  type complete: valid
  Processing properties...
  Evaluating property 'schema'.
  Property 'schema' does not exist. Skipping.
  Evaluating property 'nullable'.
  Processing deprecated...
  deprecated complete: valid
  Processing anyOf...
  Processing anyOf[0]...
  Processing $ref...
  Processing type...
  type complete: valid
  Processing description...
  description complete: valid
  $ref complete: valid
  anyOf[0] valid.
  Processing anyOf[1]...
  Processing type...
  type complete: invalid
  anyOf[1] invalid.
  anyOf complete: valid
  Property 'nullable' valid.
  properties complete: valid
  Processing required...
  Checking for property 'schema'
  Missing properties: ['schema']
  required complete: invalid
  Processing additionalProperties...
  Annotation from properties: ["nullable"]
  No annotation from patternProperties.
  additionalProperties complete: invalid
  Transforming output.
  Evaluation complete: invalid
✕ The configuration file '<</tmp>>/content/solution/project/configuration.json' is invalid.

└── ✕ Required properties ["schema"] were not present

