--------------------------------------------------
### CLI Output
--------------------------------------------------
✕ The configuration file '<</tmp>>/content/solution/project/configuration.json' is invalid.

└── deep
    └── deeper
        ├── ✕ Required properties ["requiredButMissing"] are not present
        └── fail
            └── ✕ Value is "integer" but should be "string"

