--------------------------------------------------
### CLI Output
--------------------------------------------------
  Configuration files of type .confixrc located at <</tmp>>/home/.confixrc
  Configuration files of type .confix.solution located at <</tmp>>/content/.confix.project
  Replaced magic path ./**/some-config/appsettings*.json with <</tmp>>/home/**/some-config/appsettings*.json.
  Merged .confix.project from .confix.solution
  Merged .confix.component from .confix.solution
✓ Running in scope Project
✓ Configuration loaded
   - <</tmp>>/home/.confixrc
   - <</tmp>>/content/.confix.project

