--------------------------------------------------
### CLI Output
--------------------------------------------------
  Configuration files of type .confixrc located at <</tmp>>/home/.confixrc
  Configuration files of type .confix.solution located at <</tmp>>/content/.confix.solution
  Configuration files of type .confix.solution located at <</tmp>>/content/src/project/.confix.project
  Replaced magic path $project:/test.json with <</tmp>>/content/src/project/test.json.
  Merged .confix.solution from .confixrc
  Merged .confix.project from .confix.solution
  Merged .confix.component from .confix.solution
✓ Running in scope Project
✓ Configuration loaded
  Found a inline configuration file '<</tmp>>/content/src/project/test.json'
✓ Active Environment is prod
! The schema of the project was not found. Initiating schema reload for project:src.project
  Found a inline configuration file '<</tmp>>/content/src/project/test.json'
✓ Component inputs loaded
  Start loading components from project 'src.project'
✓ Loaded 0 components
✓ Schema composition completed for project src.project
✓ Schema is stored at '<</tmp>>/content/.confix/.schemas/src.project.schema.json'
   -> <</tmp>>/content/.confix/.schemas/src.project.schema.json
  Skipping IntelliJ IDEA settings file as there is no .idea folder in the solution root. Expected location: <</tmp>>/content/.idea
  Persisting configuration file '<</tmp>>/content/src/project/test.json'
   -> <</tmp>>/content/src/project/test.json
  Replacing variables in configuration file 'test.json'
  Detected 0 variables
  Registering subschemas.
  Beginning evaluation.
  Processing $defs...
  $defs complete: valid
  Processing properties...
  properties complete: valid
  Processing required...
  required complete: valid
  Transforming output.
  Evaluation complete: valid
✓ The configuration file '<</tmp>>/content/src/project/test.json' is valid.
✕ Confix failed.
  Could not determine repository info for directory <</tmp>>/content/src/project
Exception of type ExitException was thrown.
  

