--------------------------------------------------
### CLI Output
--------------------------------------------------
  Configuration files of type .confixrc located at <</tmp>>/home/.confixrc
  Configuration files of type .confix.solution located at <</tmp>>/content/.confix.solution
  Configuration files of type .confix.solution located at <</tmp>>/content/.confix.project
  Merged .confix.solution from .confixrc
  Merged .confix.project from .confix.solution
  Merged .confix.component from .confix.solution
✓ Running in scope Project
✓ Configuration loaded
i No active environment set. Use --environment or set one environment in .confixrc as active
  Component detected:test <</tmp>>/content/Confix/Components/test/.confix.component
  Configuration files of type .confixrc located at <</tmp>>/home/.confixrc
  Configuration files of type .confix.solution located at <</tmp>>/content/.confix.solution
  Configuration files of type .confix.solution located at <</tmp>>/content/.confix.project
  Configuration files of type .confix.component located at <</tmp>>/content/Confix/Components/test/.confix.component
  Merged .confix.solution from .confixrc
  Merged .confix.project from .confix.solution
  Merged .confix.component from .confix.solution
✓ Running in scope Component
✓ Configuration loaded
  Component input 'graphql' loaded
  Component input 'dotnet' loaded
✓ Component inputs loaded
  Building component...
  Searching in '<</tmp>>/content/Confix/Components/test/schema.graphql' for GraphQL Schema
   -> <</tmp>>/content/Confix/Components/test/schema.graphql
  GraphQL Schema was found: '<</tmp>>/content/Confix/Components/test/schema.graphql' <</tmp>>/content/Confix/Components/test/schema.graphql
  Replacing existing schema.json file: '<</tmp>>/content/Confix/Components/test/schema.json' <</tmp>>/content/Confix/Components/test/schema.json
  Generated schema based on GraphQL Schema:'<</tmp>>/content/Confix/Components/test/schema.json' <</tmp>>/content/Confix/Components/test/schema.json
  Found .NET project:'<</tmp>>/content/Confix.csproj' <</tmp>>/content/Confix.csproj
  Ensuring embedded is in the csproj file '<</tmp>>/content/Confix.csproj'
  EmbeddedResource '$(MSBuildProjectDirectory)/Confix/Components/**/*.*' already exists in the csproj file
  Building component completed
  Component provider 'dotnet-package' loaded
✓ Component inputs loaded
  Start loading components from project '.'
  Found .NET project:'<</tmp>>/content/Confix.csproj' <</tmp>>/content/Confix.csproj
  Found assembly: Confix.dll
  Scanning assembly: Confix
  Found assembly file: <</tmp>>/content/bin/Debug/net8.0/Confix.dll
  Found manifest resource in assembly 'Confix.Confix.Components.test..confix.component': Confix
  Found manifest resource in assembly 'Confix.Confix.Components.test.schema.graphql': Confix
  Found manifest resource in assembly 'Confix.Confix.Components.test.schema.json': Confix
  Scanning assembly: System.Runtime
  Assembly file not found for assembly: System.Runtime
  Scanning assembly: System.Console
  Assembly file not found for assembly: System.Console
  Start loading components from project '.'
   - test
  Skipping IntelliJ IDEA settings file as there is no .idea folder in the solution root. Expected location: <</tmp>>/content/.idea

