{
  "foo": {
    "bar": "baz",
    "test": 420
  },
  "bar": [
    "someReplacedValue"
  ],
  "number": 42,
  "stringWithMultiple": "asterix-true-oberlix-midefix-someReplacedValue-confix",
  "bool": true,
  "array": [
    "a",
    "b",
    "c"
  ],
  "arrayElement": [
    "a",
    {
      "foo": "someReplacedValue"
    },
    420
  ]
}
