{
  "foo": {
    "bar": "baz",
    "test": "Replaced Value of $test:variable.number",
    "interpolated": "prefix-Replaced Value of $test:variable.string1-suffix",
    "interpolatedMultiple": "asterix-Replaced Value of $test:variable.string2-midefix-Replaced Value of $test:variable.string3-suffix"
  }
}
