{
  "$id": "https://example.com/schemas/customer",
  "type": "object",
  "properties": {
    "first_name": {
      "$ref": "#/$defs/name"
    },
    "last_name": {
      "$ref": "#/$defs/name"
    },
    "shipping_address": {
      "$ref": "/schemas/address"
    },
    "billing_address": {
      "$ref": "/schemas/address"
    }
  },
  "required": [
    "first_name",
    "last_name",
    "shipping_address",
    "billing_address"
  ],
  "$defs": {
    "name": {
      "anyOf": [
        {
          "$ref": "#/definitions/variable"
        },
        {
          "type": "string"
        }
      ]
    }
  }
}
