--------------------------------------------------
### CLI Output
--------------------------------------------------
  Configuration files of type .confixrc located at <</tmp>>/home/.confixrc
  Configuration files of type .confix.solution located at <</tmp>>/content/.confix.solution
  Configuration files of type .confix.solution located at <</tmp>>/content/.confix.project
  Merged .confix.solution from .confixrc
  Merged .confix.project from .confix.solution
  Merged .confix.component from .confix.solution
✓ Running in scope Project
✓ Configuration loaded
i No active environment set. Use --environment or set one environment in .confixrc as active
  Component detected:test <</tmp>>/content/Confix/Components/test/.confix.component
  Configuration files of type .confixrc located at <</tmp>>/home/.confixrc
  Configuration files of type .confix.solution located at <</tmp>>/content/.confix.solution
  Configuration files of type .confix.solution located at <</tmp>>/content/.confix.project
  Configuration files of type .confix.component located at <</tmp>>/content/Confix/Components/test/.confix.component
  Merged .confix.solution from .confixrc
  Merged .confix.project from .confix.solution
  Merged .confix.component from .confix.solution
✓ Running in scope Component
✓ Configuration loaded
  Component input 'graphql' loaded
  Component input 'dotnet' loaded
✓ Component inputs loaded
  Building component...
  Searching in '<</tmp>>/content/Confix/Components/test/schema.graphql' for GraphQL Schema
   -> <</tmp>>/content/Confix/Components/test/schema.graphql
  GraphQL Schema was not found. Skipping GraphQL provider
  Found .NET project:'<</tmp>>/content/Confix.csproj' <</tmp>>/content/Confix.csproj
  Ensuring embedded is in the csproj file '<</tmp>>/content/Confix.csproj'
  Added EmbeddedResource '$(MSBuildProjectDirectory)/Confix/Components/**/*.*' to the csproj file
  Building component completed
  Component provider 'dotnet-package' loaded
✓ Component inputs loaded
  Start loading components from project '.'
  Found .NET project:'<</tmp>>/content/Confix.csproj' <</tmp>>/content/Confix.csproj
  Found assembly: Confix.dll
  Scanning assembly: Confix
  Found assembly file: <</tmp>>/content/bin/Debug/net8.0/Confix.dll
  Found manifest resource in assembly 'Confix.Confix.Components.test..confix.component': Confix
  Scanning assembly: System.Runtime
  Assembly file not found for assembly: System.Runtime
  Scanning assembly: System.Console
  Assembly file not found for assembly: System.Console
✕ Confix failed.
  Could not find component definition or schema for component: Confix.Confix.Components.test.
Exception of type ExitException was thrown.
  

